// Jest Snapshot v1, https://goo.gl/fbAQLP

exports[`renders app callback with router 1`] = `
Object {
  "css": "",
  "html": "<div data-reactroot=\\"\\" data-reactid=\\"1\\" data-react-checksum=\\"-1178726173\\">Home</div>",
  "ids": Array [],
  "rules": Array [],
}
`;
