// Jest Snapshot v1, https://goo.gl/fbAQLP

exports[`demo suite snapshot 1`] = `
<App>
  <h1>
    Hello world
  </h1>
</App>
`;
